# rzd.ru
b2c-ticket-sentry.onelya.ru
bitrix.info
cms1.dzvr.ru
counter.yadro.ru
dzvr.ru
rzd-bonus.ru
rzd.ru
sys.refocus.ru
ticket.rzd.ru
vshark.ttk.ru
www.rzd.ru

# VK
vk.com
vkvideo.ru
vk-portal.net
okcdn.ru
vd235.okcdn.ru
vkvideo.ru
api.vkvideo.ru
cdn.vkvideo.ru
stream.vkvideo.ru
hls.vkvideo.ru
dash.vkvideo.ru
video.vk.com
livestream.vk.com
vkuservideo.net
vk.com
api.vk.com
m.vk.com
oauth.vk.com
static.vk.com
userapi.com
cs1.userapi.com
cs2.userapi.com
cs3.userapi.com
cs4.userapi.com
cs5.userapi.com
cs6.userapi.com
cs7.userapi.com
cs8.userapi.com
cs9.userapi.com
cs10.userapi.com
cs11.userapi.com
cs12.userapi.com
cs13.userapi.com
cs14.userapi.com
cs15.userapi.com
cs16.userapi.com
cs17.userapi.com
cs18.userapi.com
cs19.userapi.com
cs20.userapi.com
cs21.userapi.com
cs22.userapi.com
cs23.userapi.com
cs24.userapi.com
cs25.userapi.com
cs26.userapi.com
cs27.userapi.com
cs28.userapi.com
cs29.userapi.com
cs30.userapi.com
cs31.userapi.com
cs32.userapi.com
cs33.userapi.com
cs34.userapi.com
cs35.userapi.com
cs36.userapi.com
cs37.userapi.com
cs38.userapi.com
cs39.userapi.com
cs40.userapi.com
cs41.userapi.com
cs42.userapi.com
cs43.userapi.com
cs44.userapi.com
cs45.userapi.com
cs46.userapi.com
cs47.userapi.com
cs48.userapi.com
cs49.userapi.com
cs50.userapi.com
cs51.userapi.com
cs52.userapi.com
cs53.userapi.com
cs54.userapi.com
cs55.userapi.com
cs56.userapi.com
cs57.userapi.com
cs58.userapi.com
cs59.userapi.com
cs60.userapi.com
cs61.userapi.com
cs62.userapi.com
cs63.userapi.com
cs64.userapi.com
cs65.userapi.com
cs66.userapi.com
cs67.userapi.com
cs68.userapi.com
cs69.userapi.com
cs70.userapi.com
cs71.userapi.com
cs72.userapi.com
cs73.userapi.com
cs74.userapi.com
cs75.userapi.com
cs76.userapi.com
cs77.userapi.com
cs78.userapi.com
cs79.userapi.com
cs80.userapi.com
cs81.userapi.com
cs82.userapi.com
cs83.userapi.com
cs84.userapi.com
cs85.userapi.com
cs86.userapi.com
cs87.userapi.com
cs88.userapi.com
cs89.userapi.com
cs90.userapi.com
cs91.userapi.com
cs92.userapi.com
cs93.userapi.com
cs94.userapi.com
cs95.userapi.com
cs96.userapi.com
cs97.userapi.com
cs98.userapi.com
cs99.userapi.com
pp.userapi.com
vkuseraudio.net
vk-cdn.net
vkcs6.com
vkmsv.com
mail.vk.com
pay.vk.com
ads.vk.com
lp.vk.com


# www.pochta.ru
pochta.ru
www.pochta.ru
passport.pochta.ru
static.pochta.ru
mobileapp.russianpost.ru
1018213540.rsc.cdn77.org

# www.kinopoisk.ru
graphql.kinopoisk.ru

# ozon.ru
ozon.ru
www.ozon.ru
p.ozon.ru
api.ozon.ru
xapi.ozon.ru
finance.ozon.ru
api.finance.ozon.ru
ws.finance.ozon.ru
t.finance.ozon.ru
edge-lb-g1.ozon.ru
_9443._https.ws.finance.ozon.ru
cdn1.ozone.ru
cdn2.ozone.ru
io.ozone.ru
ir.ozone.ru
v.ozone.ru
ir-3.ozone.ru
edge-mmedia-lb.ozone.ru
cdn1.ozonusercontent.com

# mos.ru
mos.ru
www.mos.ru
api.cdp.mos.ru
chat.mos.ru
css-pgu.mos.ru
doc-upload.mos.ru
evp.mos.ru
gisoivapi.mos.ru
js-pgu.mos.ru
login.mos.ru
map3d.mos.ru
media-pgu.mos.ru
metrika.mos.ru
my.mos.ru
my-static.mos.ru
oauth20.mos.ru
pay.mos.ru
pic.mos.ru
sentry.mos.ru
static3.mos.ru
stats.mos.ru

# mosenergosbyt.ru
mosenergosbyt.ru
my.mosenergosbyt.ru

# avtodor-tr.ru
avtodor-tr.ru
auth-lkmp.avtodor-tr.ru
lk.avtodor-tr.ru
pays.avtodor-tr.ru

# Show VPN IP-address
showip.net

# One domain sites
bkvet.ru